Metadata Parser Error, reason: Failed to get entity's name