Metadata Parser Error, reason: Failed to get schema name