Metadata Parser Error, reason: Failed to get nav. property's target