Metadata Parser Error, reason: Failed to get property's name