Metadata Parser Error, reason: Unknown/Unsupported OData Type 'Edm.GeographyPolygon'